starting test with SKIP_BUILD="" and DO_VALIDATE=""
Running test with user quy
CMake Deprecation Warning at CMakeLists.txt:1 (cmake_minimum_required):
  Compatibility with CMake < 3.5 will be removed from a future version of
  CMake.

  Update the VERSION argument <min> value or use a ...<max> suffix to tell
  CMake that the project does not need compatibility with older versions.


CMake Deprecation Warning at assignment-autotest/CMakeLists.txt:13 (cmake_minimum_required):
  Compatibility with CMake < 3.5 will be removed from a future version of
  CMake.

  Update the VERSION argument <min> value or use a ...<max> suffix to tell
  CMake that the project does not need compatibility with older versions.


CMake Deprecation Warning at assignment-autotest/Unity/CMakeLists.txt:11 (cmake_minimum_required):
  Compatibility with CMake < 3.5 will be removed from a future version of
  CMake.

  Update the VERSION argument <min> value or use a ...<max> suffix to tell
  CMake that the project does not need compatibility with older versions.


CMake Deprecation Warning at assignment-autotest/Unity/src/CMakeLists.txt:11 (cmake_minimum_required):
  Compatibility with CMake < 3.5 will be removed from a future version of
  CMake.

  Update the VERSION argument <min> value or use a ...<max> suffix to tell
  CMake that the project does not need compatibility with older versions.


-- Generating ;/home/quy/linux_training/03_coursera_linuxSystemProgram_buildRoot/assignment-1-Karrick3910/assignment-autotest/test/assignment1/Test_hello_Runner.c;/home/quy/linux_training/03_coursera_linuxSystemProgram_buildRoot/assignment-1-Karrick3910/assignment-autotest/test/assignment1/Test_assignment_validate_Runner.c;/home/quy/linux_training/03_coursera_linuxSystemProgram_buildRoot/assignment-1-Karrick3910/assignment-autotest/test/assignment3/Test_systemcalls_Runner.c from test/assignment1/Test_hello.c;test/assignment1/Test_assignment_validate.c;test/assignment3/Test_systemcalls.c
-- Building executable including ;/home/quy/linux_training/03_coursera_linuxSystemProgram_buildRoot/assignment-1-Karrick3910/assignment-autotest/test/assignment1/Test_hello_Runner.c;/home/quy/linux_training/03_coursera_linuxSystemProgram_buildRoot/assignment-1-Karrick3910/assignment-autotest/test/assignment1/Test_assignment_validate_Runner.c;/home/quy/linux_training/03_coursera_linuxSystemProgram_buildRoot/assignment-1-Karrick3910/assignment-autotest/test/assignment3/Test_systemcalls_Runner.c test/assignment1/Test_hello.c;test/assignment1/Test_assignment_validate.c;test/assignment3/Test_systemcalls.c and ../examples/autotest-validate/autotest-validate.c;../examples/systemcalls/systemcalls.c
-- Configuring done (0.0s)
-- Generating done (0.0s)
-- Build files have been written to: /home/quy/linux_training/03_coursera_linuxSystemProgram_buildRoot/assignment-1-Karrick3910/build
[  7%] Building C object assignment-autotest/Unity/src/CMakeFiles/unity.dir/unity.c.o
[ 15%] Linking C static library libunity.a
[ 15%] Built target unity
[ 23%] Generating /home/quy/linux_training/03_coursera_linuxSystemProgram_buildRoot/assignment-1-Karrick3910/assignment-autotest/test/assignment1/Test_hello_Runner.c, /home/quy/linux_training/03_coursera_linuxSystemProgram_buildRoot/assignment-1-Karrick3910/assignment-autotest/test/assignment1/Test_assignment_validate_Runner.c, /home/quy/linux_training/03_coursera_linuxSystemProgram_buildRoot/assignment-1-Karrick3910/assignment-autotest/test/assignment3/Test_systemcalls_Runner.c, /home/quy/linux_training/03_coursera_linuxSystemProgram_buildRoot/assignment-1-Karrick3910/assignment-autotest/test/unity_runner.c
Test files for auto dependency generation test/assignment1/Test_hello.c test/assignment1/Test_assignment_validate.c test/assignment3/Test_systemcalls.c
Autogenerating runner for test/assignment1/Test_hello.c
/home/quy/linux_training/03_coursera_linuxSystemProgram_buildRoot/assignment-1-Karrick3910/assignment-autotest/Unity/auto/generate_test_runner.rb:344: warning: Passing safe_level with the 2nd argument of ERB.new is deprecated. Do not use it, and specify other arguments as keyword arguments.
/home/quy/linux_training/03_coursera_linuxSystemProgram_buildRoot/assignment-1-Karrick3910/assignment-autotest/Unity/auto/generate_test_runner.rb:344: warning: Passing trim_mode with the 3rd argument of ERB.new is deprecated. Use keyword argument like ERB.new(str, trim_mode: ...) instead.
Autogenerating runner for test/assignment1/Test_assignment_validate.c
/home/quy/linux_training/03_coursera_linuxSystemProgram_buildRoot/assignment-1-Karrick3910/assignment-autotest/Unity/auto/generate_test_runner.rb:344: warning: Passing safe_level with the 2nd argument of ERB.new is deprecated. Do not use it, and specify other arguments as keyword arguments.
/home/quy/linux_training/03_coursera_linuxSystemProgram_buildRoot/assignment-1-Karrick3910/assignment-autotest/Unity/auto/generate_test_runner.rb:344: warning: Passing trim_mode with the 3rd argument of ERB.new is deprecated. Use keyword argument like ERB.new(str, trim_mode: ...) instead.
Autogenerating runner for test/assignment3/Test_systemcalls.c
/home/quy/linux_training/03_coursera_linuxSystemProgram_buildRoot/assignment-1-Karrick3910/assignment-autotest/Unity/auto/generate_test_runner.rb:344: warning: Passing safe_level with the 2nd argument of ERB.new is deprecated. Do not use it, and specify other arguments as keyword arguments.
/home/quy/linux_training/03_coursera_linuxSystemProgram_buildRoot/assignment-1-Karrick3910/assignment-autotest/Unity/auto/generate_test_runner.rb:344: warning: Passing trim_mode with the 3rd argument of ERB.new is deprecated. Use keyword argument like ERB.new(str, trim_mode: ...) instead.
Autogenerating test/unity_runner.c
[ 30%] Building C object assignment-autotest/CMakeFiles/assignment-autotest.dir/test/assignment1/Test_hello.c.o
[ 38%] Building C object assignment-autotest/CMakeFiles/assignment-autotest.dir/test/assignment1/Test_assignment_validate.c.o
[ 46%] Building C object assignment-autotest/CMakeFiles/assignment-autotest.dir/test/assignment3/Test_systemcalls.c.o
[ 53%] Building C object assignment-autotest/CMakeFiles/assignment-autotest.dir/test/assignment1/Test_hello_Runner.c.o
[ 61%] Building C object assignment-autotest/CMakeFiles/assignment-autotest.dir/test/assignment1/Test_assignment_validate_Runner.c.o
[ 69%] Building C object assignment-autotest/CMakeFiles/assignment-autotest.dir/test/assignment3/Test_systemcalls_Runner.c.o
[ 76%] Building C object assignment-autotest/CMakeFiles/assignment-autotest.dir/__/examples/autotest-validate/autotest-validate.c.o
[ 84%] Building C object assignment-autotest/CMakeFiles/assignment-autotest.dir/__/examples/systemcalls/systemcalls.c.o
[ 92%] Building C object assignment-autotest/CMakeFiles/assignment-autotest.dir/test/unity_runner.c.o
[100%] Linking C executable assignment-autotest
[100%] Built target assignment-autotest
execv: No such file or directory
/home/quy/linux_training/03_coursera_linuxSystemProgram_buildRoot/assignment-1-Karrick3910/assignment-autotest/test/assignment1/Test_hello.c:6:test_hello:INFO: Hello!  Your unity setup is working!
/home/quy/linux_training/03_coursera_linuxSystemProgram_buildRoot/assignment-1-Karrick3910/assignment-autotest/test/assignment1/Test_hello.c:4:test_hello:PASS

-----------------------
1 Tests 0 Failures 0 Ignored 
OK
/home/quy/linux_training/03_coursera_linuxSystemProgram_buildRoot/assignment-1-Karrick3910/assignment-autotest/test/assignment1/Test_assignment_validate.c:9:test_assignment_validate:PASS

-----------------------
1 Tests 0 Failures 0 Ignored 
OK
Running tests at /home/quy/linux_training/03_coursera_linuxSystemProgram_buildRoot/assignment-1-Karrick3910/assignment-autotest/test/assignment3/Test_systemcalls.c : function test_systemcalls
Remove trailing newline
Read this is a test from testfile.txt
system() echo this is a test returned this is a test
Remove trailing newline
Read home is /home/quy from testfile.txt
system() echo home is $HOME returned: home is /home/quy
/home/quy/linux_training/03_coursera_linuxSystemProgram_buildRoot/assignment-1-Karrick3910/assignment-autotest/test/assignment3/Test_systemcalls.c:28:test_systemcalls:PASS
Running tests at /home/quy/linux_training/03_coursera_linuxSystemProgram_buildRoot/assignment-1-Karrick3910/assignment-autotest/test/assignment3/Test_systemcalls.c : function test_exec_calls
/home/quy/linux_training/03_coursera_linuxSystemProgram_buildRoot/assignment-1-Karrick3910/assignment-autotest/test/assignment1/Test_hello.c:6:test_hello:INFO: Hello!  Your unity setup is working!
/home/quy/linux_training/03_coursera_linuxSystemProgram_buildRoot/assignment-1-Karrick3910/assignment-autotest/test/assignment1/Test_hello.c:4:test_hello:PASS

-----------------------
1 Tests 0 Failures 0 Ignored 
OK
/home/quy/linux_training/03_coursera_linuxSystemProgram_buildRoot/assignment-1-Karrick3910/assignment-autotest/test/assignment1/Test_assignment_validate.c:9:test_assignment_validate:PASS

-----------------------
1 Tests 0 Failures 0 Ignored 
OK
Running tests at /home/quy/linux_training/03_coursera_linuxSystemProgram_buildRoot/assignment-1-Karrick3910/assignment-autotest/test/assignment3/Test_systemcalls.c : function test_systemcalls
Remove trailing newline
Read this is a test from testfile.txt
system() echo this is a test returned this is a test
Remove trailing newline
Read home is /home/quy from testfile.txt
system() echo home is $HOME returned: home is /home/quy
/home/quy/linux_training/03_coursera_linuxSystemProgram_buildRoot/assignment-1-Karrick3910/assignment-autotest/test/assignment3/Test_systemcalls.c:28:test_systemcalls:PASS
Running tests at /home/quy/linux_training/03_coursera_linuxSystemProgram_buildRoot/assignment-1-Karrick3910/assignment-autotest/test/assignment3/Test_systemcalls.c : function test_exec_calls
/home/quy/linux_training/03_coursera_linuxSystemProgram_buildRoot/assignment-1-Karrick3910/assignment-autotest/test/assignment3/Test_systemcalls.c:58:test_exec_calls:PASS
Running tests at /home/quy/linux_training/03_coursera_linuxSystemProgram_buildRoot/assignment-1-Karrick3910/assignment-autotest/test/assignment3/Test_systemcalls.c : function test_exec_redirect_calls
Remove trailing newline
Read home is /home/quy from testfile.txt
execv /bin/sh -c echo home is $HOME returned home is /home/quy
Remove trailing newline
Read home is $HOME from testfile.txt
execv /bin/echo home is $HOME returned home is $HOME
/home/quy/linux_training/03_coursera_linuxSystemProgram_buildRoot/assignment-1-Karrick3910/assignment-autotest/test/assignment3/Test_systemcalls.c:72:test_exec_redirect_calls:PASS

-----------------------
3 Tests 0 Failures 0 Ignored 
OK
Executing assignment test script
~/linux_training/03_coursera_linuxSystemProgram_buildRoot/assignment-1-Karrick3910/assignment-autotest/test/assignment3 ~/linux_training/03_coursera_linuxSystemProgram_buildRoot/assignment-1-Karrick3910
starting test with SKIP_BUILD  and DO_VALIDATE 
~/linux_training/03_coursera_linuxSystemProgram_buildRoot/assignment-1-Karrick3910/finder-app ~/linux_training/03_coursera_linuxSystemProgram_buildRoot/assignment-1-Karrick3910/assignment-autotest/test/assignment3 ~/linux_training/03_coursera_linuxSystemProgram_buildRoot/assignment-1-Karrick3910
Using passed directory /tmp/aesd-autograder for output
Adding the Image in outdir
Creating the staging directory for the root filesystem
Deleting rootfs directory at /tmp/aesd-autograder/rootfs and starting over
  /tmp/aesd-autograder/rootfs//bin/arch -> busybox
  /tmp/aesd-autograder/rootfs//bin/ash -> busybox
  /tmp/aesd-autograder/rootfs//bin/base32 -> busybox
  /tmp/aesd-autograder/rootfs//bin/base64 -> busybox
  /tmp/aesd-autograder/rootfs//bin/cat -> busybox
  /tmp/aesd-autograder/rootfs//bin/chattr -> busybox
  /tmp/aesd-autograder/rootfs//bin/chgrp -> busybox
  /tmp/aesd-autograder/rootfs//bin/chmod -> busybox
  /tmp/aesd-autograder/rootfs//bin/chown -> busybox
  /tmp/aesd-autograder/rootfs//bin/conspy -> busybox
  /tmp/aesd-autograder/rootfs//bin/cp -> busybox
  /tmp/aesd-autograder/rootfs//bin/cpio -> busybox
  /tmp/aesd-autograder/rootfs//bin/cttyhack -> busybox
  /tmp/aesd-autograder/rootfs//bin/date -> busybox
  /tmp/aesd-autograder/rootfs//bin/dd -> busybox
  /tmp/aesd-autograder/rootfs//bin/df -> busybox
  /tmp/aesd-autograder/rootfs//bin/dmesg -> busybox
  /tmp/aesd-autograder/rootfs//bin/dnsdomainname -> busybox
  /tmp/aesd-autograder/rootfs//bin/dumpkmap -> busybox
  /tmp/aesd-autograder/rootfs//bin/echo -> busybox
  /tmp/aesd-autograder/rootfs//bin/ed -> busybox
  /tmp/aesd-autograder/rootfs//bin/egrep -> busybox
  /tmp/aesd-autograder/rootfs//bin/false -> busybox
  /tmp/aesd-autograder/rootfs//bin/fatattr -> busybox
  /tmp/aesd-autograder/rootfs//bin/fdflush -> busybox
  /tmp/aesd-autograder/rootfs//bin/fgrep -> busybox
  /tmp/aesd-autograder/rootfs//bin/fsync -> busybox
  /tmp/aesd-autograder/rootfs//bin/getopt -> busybox
  /tmp/aesd-autograder/rootfs//bin/grep -> busybox
  /tmp/aesd-autograder/rootfs//bin/gunzip -> busybox
  /tmp/aesd-autograder/rootfs//bin/gzip -> busybox
  /tmp/aesd-autograder/rootfs//bin/hostname -> busybox
  /tmp/aesd-autograder/rootfs//bin/hush -> busybox
  /tmp/aesd-autograder/rootfs//bin/ionice -> busybox
  /tmp/aesd-autograder/rootfs//bin/iostat -> busybox
  /tmp/aesd-autograder/rootfs//bin/ipcalc -> busybox
  /tmp/aesd-autograder/rootfs//bin/kbd_mode -> busybox
  /tmp/aesd-autograder/rootfs//bin/kill -> busybox
  /tmp/aesd-autograder/rootfs//bin/link -> busybox
  /tmp/aesd-autograder/rootfs//bin/linux32 -> busybox
  /tmp/aesd-autograder/rootfs//bin/linux64 -> busybox
  /tmp/aesd-autograder/rootfs//bin/ln -> busybox
  /tmp/aesd-autograder/rootfs//bin/login -> busybox
  /tmp/aesd-autograder/rootfs//bin/ls -> busybox
  /tmp/aesd-autograder/rootfs//bin/lsattr -> busybox
  /tmp/aesd-autograder/rootfs//bin/lzop -> busybox
  /tmp/aesd-autograder/rootfs//bin/makemime -> busybox
  /tmp/aesd-autograder/rootfs//bin/mkdir -> busybox
  /tmp/aesd-autograder/rootfs//bin/mknod -> busybox
  /tmp/aesd-autograder/rootfs//bin/mktemp -> busybox
  /tmp/aesd-autograder/rootfs//bin/more -> busybox
  /tmp/aesd-autograder/rootfs//bin/mount -> busybox
  /tmp/aesd-autograder/rootfs//bin/mountpoint -> busybox
  /tmp/aesd-autograder/rootfs//bin/mpstat -> busybox
  /tmp/aesd-autograder/rootfs//bin/mt -> busybox
  /tmp/aesd-autograder/rootfs//bin/mv -> busybox
  /tmp/aesd-autograder/rootfs//bin/netstat -> busybox
  /tmp/aesd-autograder/rootfs//bin/nice -> busybox
  /tmp/aesd-autograder/rootfs//bin/nuke -> busybox
  /tmp/aesd-autograder/rootfs//bin/pidof -> busybox
  /tmp/aesd-autograder/rootfs//bin/ping -> busybox
  /tmp/aesd-autograder/rootfs//bin/ping6 -> busybox
  /tmp/aesd-autograder/rootfs//bin/pipe_progress -> busybox
  /tmp/aesd-autograder/rootfs//bin/printenv -> busybox
  /tmp/aesd-autograder/rootfs//bin/ps -> busybox
  /tmp/aesd-autograder/rootfs//bin/pwd -> busybox
  /tmp/aesd-autograder/rootfs//bin/reformime -> busybox
  /tmp/aesd-autograder/rootfs//bin/resume -> busybox
  /tmp/aesd-autograder/rootfs//bin/rev -> busybox
  /tmp/aesd-autograder/rootfs//bin/rm -> busybox
  /tmp/aesd-autograder/rootfs//bin/rmdir -> busybox
  /tmp/aesd-autograder/rootfs//bin/rpm -> busybox
  /tmp/aesd-autograder/rootfs//bin/run-parts -> busybox
  /tmp/aesd-autograder/rootfs//bin/scriptreplay -> busybox
  /tmp/aesd-autograder/rootfs//bin/sed -> busybox
  /tmp/aesd-autograder/rootfs//bin/setarch -> busybox
  /tmp/aesd-autograder/rootfs//bin/setpriv -> busybox
  /tmp/aesd-autograder/rootfs//bin/setserial -> busybox
  /tmp/aesd-autograder/rootfs//bin/sh -> busybox
  /tmp/aesd-autograder/rootfs//bin/sleep -> busybox
  /tmp/aesd-autograder/rootfs//bin/stat -> busybox
  /tmp/aesd-autograder/rootfs//bin/stty -> busybox
  /tmp/aesd-autograder/rootfs//bin/su -> busybox
  /tmp/aesd-autograder/rootfs//bin/sync -> busybox
  /tmp/aesd-autograder/rootfs//bin/tar -> busybox
  /tmp/aesd-autograder/rootfs//bin/touch -> busybox
  /tmp/aesd-autograder/rootfs//bin/true -> busybox
  /tmp/aesd-autograder/rootfs//bin/umount -> busybox
  /tmp/aesd-autograder/rootfs//bin/uname -> busybox
  /tmp/aesd-autograder/rootfs//bin/usleep -> busybox
  /tmp/aesd-autograder/rootfs//bin/vi -> busybox
  /tmp/aesd-autograder/rootfs//bin/watch -> busybox
  /tmp/aesd-autograder/rootfs//bin/zcat -> busybox
  /tmp/aesd-autograder/rootfs//linuxrc -> bin/busybox
  /tmp/aesd-autograder/rootfs//sbin/acpid -> ../bin/busybox
  /tmp/aesd-autograder/rootfs//sbin/adjtimex -> ../bin/busybox
  /tmp/aesd-autograder/rootfs//sbin/arp -> ../bin/busybox
  /tmp/aesd-autograder/rootfs//sbin/blkid -> ../bin/busybox
  /tmp/aesd-autograder/rootfs//sbin/blockdev -> ../bin/busybox
  /tmp/aesd-autograder/rootfs//sbin/bootchartd -> ../bin/busybox
  /tmp/aesd-autograder/rootfs//sbin/depmod -> ../bin/busybox
  /tmp/aesd-autograder/rootfs//sbin/devmem -> ../bin/busybox
  /tmp/aesd-autograder/rootfs//sbin/fbsplash -> ../bin/busybox
  /tmp/aesd-autograder/rootfs//sbin/fdisk -> ../bin/busybox
  /tmp/aesd-autograder/rootfs//sbin/findfs -> ../bin/busybox
  /tmp/aesd-autograder/rootfs//sbin/freeramdisk -> ../bin/busybox
  /tmp/aesd-autograder/rootfs//sbin/fsck -> ../bin/busybox
  /tmp/aesd-autograder/rootfs//sbin/fsck.minix -> ../bin/busybox
  /tmp/aesd-autograder/rootfs//sbin/fstrim -> ../bin/busybox
  /tmp/aesd-autograder/rootfs//sbin/getty -> ../bin/busybox
  /tmp/aesd-autograder/rootfs//sbin/halt -> ../bin/busybox
  /tmp/aesd-autograder/rootfs//sbin/hdparm -> ../bin/busybox
  /tmp/aesd-autograder/rootfs//sbin/hwclock -> ../bin/busybox
  /tmp/aesd-autograder/rootfs//sbin/ifconfig -> ../bin/busybox
  /tmp/aesd-autograder/rootfs//sbin/ifdown -> ../bin/busybox
  /tmp/aesd-autograder/rootfs//sbin/ifenslave -> ../bin/busybox
  /tmp/aesd-autograder/rootfs//sbin/ifup -> ../bin/busybox
  /tmp/aesd-autograder/rootfs//sbin/init -> ../bin/busybox
  /tmp/aesd-autograder/rootfs//sbin/insmod -> ../bin/busybox
  /tmp/aesd-autograder/rootfs//sbin/ip -> ../bin/busybox
  /tmp/aesd-autograder/rootfs//sbin/ipaddr -> ../bin/busybox
  /tmp/aesd-autograder/rootfs//sbin/iplink -> ../bin/busybox
  /tmp/aesd-autograder/rootfs//sbin/ipneigh -> ../bin/busybox
  /tmp/aesd-autograder/rootfs//sbin/iproute -> ../bin/busybox
  /tmp/aesd-autograder/rootfs//sbin/iprule -> ../bin/busybox
  /tmp/aesd-autograder/rootfs//sbin/iptunnel -> ../bin/busybox
  /tmp/aesd-autograder/rootfs//sbin/klogd -> ../bin/busybox
  /tmp/aesd-autograder/rootfs//sbin/loadkmap -> ../bin/busybox
  /tmp/aesd-autograder/rootfs//sbin/logread -> ../bin/busybox
  /tmp/aesd-autograder/rootfs//sbin/losetup -> ../bin/busybox
  /tmp/aesd-autograder/rootfs//sbin/lsmod -> ../bin/busybox
  /tmp/aesd-autograder/rootfs//sbin/makedevs -> ../bin/busybox
  /tmp/aesd-autograder/rootfs//sbin/mdev -> ../bin/busybox
  /tmp/aesd-autograder/rootfs//sbin/mkdosfs -> ../bin/busybox
  /tmp/aesd-autograder/rootfs//sbin/mke2fs -> ../bin/busybox
  /tmp/aesd-autograder/rootfs//sbin/mkfs.ext2 -> ../bin/busybox
  /tmp/aesd-autograder/rootfs//sbin/mkfs.minix -> ../bin/busybox
  /tmp/aesd-autograder/rootfs//sbin/mkfs.vfat -> ../bin/busybox
  /tmp/aesd-autograder/rootfs//sbin/mkswap -> ../bin/busybox
  /tmp/aesd-autograder/rootfs//sbin/modinfo -> ../bin/busybox
  /tmp/aesd-autograder/rootfs//sbin/modprobe -> ../bin/busybox
  /tmp/aesd-autograder/rootfs//sbin/nameif -> ../bin/busybox
  /tmp/aesd-autograder/rootfs//sbin/pivot_root -> ../bin/busybox
  /tmp/aesd-autograder/rootfs//sbin/poweroff -> ../bin/busybox
  /tmp/aesd-autograder/rootfs//sbin/raidautorun -> ../bin/busybox
  /tmp/aesd-autograder/rootfs//sbin/reboot -> ../bin/busybox
  /tmp/aesd-autograder/rootfs//sbin/rmmod -> ../bin/busybox
  /tmp/aesd-autograder/rootfs//sbin/route -> ../bin/busybox
  /tmp/aesd-autograder/rootfs//sbin/run-init -> ../bin/busybox
  /tmp/aesd-autograder/rootfs//sbin/runlevel -> ../bin/busybox
  /tmp/aesd-autograder/rootfs//sbin/setconsole -> ../bin/busybox
  /tmp/aesd-autograder/rootfs//sbin/slattach -> ../bin/busybox
  /tmp/aesd-autograder/rootfs//sbin/start-stop-daemon -> ../bin/busybox
  /tmp/aesd-autograder/rootfs//sbin/sulogin -> ../bin/busybox
  /tmp/aesd-autograder/rootfs//sbin/swapoff -> ../bin/busybox
  /tmp/aesd-autograder/rootfs//sbin/swapon -> ../bin/busybox
  /tmp/aesd-autograder/rootfs//sbin/switch_root -> ../bin/busybox
  /tmp/aesd-autograder/rootfs//sbin/sysctl -> ../bin/busybox
  /tmp/aesd-autograder/rootfs//sbin/syslogd -> ../bin/busybox
  /tmp/aesd-autograder/rootfs//sbin/tc -> ../bin/busybox
  /tmp/aesd-autograder/rootfs//sbin/tunctl -> ../bin/busybox
  /tmp/aesd-autograder/rootfs//sbin/udhcpc -> ../bin/busybox
  /tmp/aesd-autograder/rootfs//sbin/uevent -> ../bin/busybox
  /tmp/aesd-autograder/rootfs//sbin/vconfig -> ../bin/busybox
  /tmp/aesd-autograder/rootfs//sbin/watchdog -> ../bin/busybox
  /tmp/aesd-autograder/rootfs//sbin/zcip -> ../bin/busybox
  /tmp/aesd-autograder/rootfs//usr/bin/[ -> ../../bin/busybox
  /tmp/aesd-autograder/rootfs//usr/bin/[[ -> ../../bin/busybox
  /tmp/aesd-autograder/rootfs//usr/bin/awk -> ../../bin/busybox
  /tmp/aesd-autograder/rootfs//usr/bin/basename -> ../../bin/busybox
  /tmp/aesd-autograder/rootfs//usr/bin/bc -> ../../bin/busybox
  /tmp/aesd-autograder/rootfs//usr/bin/beep -> ../../bin/busybox
  /tmp/aesd-autograder/rootfs//usr/bin/blkdiscard -> ../../bin/busybox
  /tmp/aesd-autograder/rootfs//usr/bin/bunzip2 -> ../../bin/busybox
  /tmp/aesd-autograder/rootfs//usr/bin/bzcat -> ../../bin/busybox
  /tmp/aesd-autograder/rootfs//usr/bin/bzip2 -> ../../bin/busybox
  /tmp/aesd-autograder/rootfs//usr/bin/cal -> ../../bin/busybox
  /tmp/aesd-autograder/rootfs//usr/bin/chpst -> ../../bin/busybox
  /tmp/aesd-autograder/rootfs//usr/bin/chrt -> ../../bin/busybox
  /tmp/aesd-autograder/rootfs//usr/bin/chvt -> ../../bin/busybox
  /tmp/aesd-autograder/rootfs//usr/bin/cksum -> ../../bin/busybox
  /tmp/aesd-autograder/rootfs//usr/bin/clear -> ../../bin/busybox
  /tmp/aesd-autograder/rootfs//usr/bin/cmp -> ../../bin/busybox
  /tmp/aesd-autograder/rootfs//usr/bin/comm -> ../../bin/busybox
  /tmp/aesd-autograder/rootfs//usr/bin/crontab -> ../../bin/busybox
  /tmp/aesd-autograder/rootfs//usr/bin/cryptpw -> ../../bin/busybox
  /tmp/aesd-autograder/rootfs//usr/bin/cut -> ../../bin/busybox
  /tmp/aesd-autograder/rootfs//usr/bin/dc -> ../../bin/busybox
  /tmp/aesd-autograder/rootfs//usr/bin/deallocvt -> ../../bin/busybox
  /tmp/aesd-autograder/rootfs//usr/bin/diff -> ../../bin/busybox
  /tmp/aesd-autograder/rootfs//usr/bin/dirname -> ../../bin/busybox
  /tmp/aesd-autograder/rootfs//usr/bin/dos2unix -> ../../bin/busybox
  /tmp/aesd-autograder/rootfs//usr/bin/dpkg -> ../../bin/busybox
  /tmp/aesd-autograder/rootfs//usr/bin/dpkg-deb -> ../../bin/busybox
  /tmp/aesd-autograder/rootfs//usr/bin/du -> ../../bin/busybox
  /tmp/aesd-autograder/rootfs//usr/bin/dumpleases -> ../../bin/busybox
  /tmp/aesd-autograder/rootfs//usr/bin/eject -> ../../bin/busybox
  /tmp/aesd-autograder/rootfs//usr/bin/env -> ../../bin/busybox
  /tmp/aesd-autograder/rootfs//usr/bin/envdir -> ../../bin/busybox
  /tmp/aesd-autograder/rootfs//usr/bin/envuidgid -> ../../bin/busybox
  /tmp/aesd-autograder/rootfs//usr/bin/expand -> ../../bin/busybox
  /tmp/aesd-autograder/rootfs//usr/bin/expr -> ../../bin/busybox
  /tmp/aesd-autograder/rootfs//usr/bin/factor -> ../../bin/busybox
  /tmp/aesd-autograder/rootfs//usr/bin/fallocate -> ../../bin/busybox
  /tmp/aesd-autograder/rootfs//usr/bin/fgconsole -> ../../bin/busybox
  /tmp/aesd-autograder/rootfs//usr/bin/find -> ../../bin/busybox
  /tmp/aesd-autograder/rootfs//usr/bin/flock -> ../../bin/busybox
  /tmp/aesd-autograder/rootfs//usr/bin/fold -> ../../bin/busybox
  /tmp/aesd-autograder/rootfs//usr/bin/free -> ../../bin/busybox
  /tmp/aesd-autograder/rootfs//usr/bin/ftpget -> ../../bin/busybox
  /tmp/aesd-autograder/rootfs//usr/bin/ftpput -> ../../bin/busybox
  /tmp/aesd-autograder/rootfs//usr/bin/fuser -> ../../bin/busybox
  /tmp/aesd-autograder/rootfs//usr/bin/groups -> ../../bin/busybox
  /tmp/aesd-autograder/rootfs//usr/bin/hd -> ../../bin/busybox
  /tmp/aesd-autograder/rootfs//usr/bin/head -> ../../bin/busybox
  /tmp/aesd-autograder/rootfs//usr/bin/hexdump -> ../../bin/busybox
  /tmp/aesd-autograder/rootfs//usr/bin/hexedit -> ../../bin/busybox
  /tmp/aesd-autograder/rootfs//usr/bin/hostid -> ../../bin/busybox
  /tmp/aesd-autograder/rootfs//usr/bin/id -> ../../bin/busybox
  /tmp/aesd-autograder/rootfs//usr/bin/install -> ../../bin/busybox
  /tmp/aesd-autograder/rootfs//usr/bin/ipcrm -> ../../bin/busybox
  /tmp/aesd-autograder/rootfs//usr/bin/ipcs -> ../../bin/busybox
  /tmp/aesd-autograder/rootfs//usr/bin/killall -> ../../bin/busybox
  /tmp/aesd-autograder/rootfs//usr/bin/last -> ../../bin/busybox
  /tmp/aesd-autograder/rootfs//usr/bin/less -> ../../bin/busybox
  /tmp/aesd-autograder/rootfs//usr/bin/logger -> ../../bin/busybox
  /tmp/aesd-autograder/rootfs//usr/bin/logname -> ../../bin/busybox
  /tmp/aesd-autograder/rootfs//usr/bin/lpq -> ../../bin/busybox
  /tmp/aesd-autograder/rootfs//usr/bin/lpr -> ../../bin/busybox
  /tmp/aesd-autograder/rootfs//usr/bin/lsof -> ../../bin/busybox
  /tmp/aesd-autograder/rootfs//usr/bin/lspci -> ../../bin/busybox
  /tmp/aesd-autograder/rootfs//usr/bin/lsscsi -> ../../bin/busybox
  /tmp/aesd-autograder/rootfs//usr/bin/lsusb -> ../../bin/busybox
  /tmp/aesd-autograder/rootfs//usr/bin/lzcat -> ../../bin/busybox
  /tmp/aesd-autograder/rootfs//usr/bin/lzma -> ../../bin/busybox
  /tmp/aesd-autograder/rootfs//usr/bin/man -> ../../bin/busybox
  /tmp/aesd-autograder/rootfs//usr/bin/md5sum -> ../../bin/busybox
  /tmp/aesd-autograder/rootfs//usr/bin/mesg -> ../../bin/busybox
  /tmp/aesd-autograder/rootfs//usr/bin/microcom -> ../../bin/busybox
  /tmp/aesd-autograder/rootfs//usr/bin/mkfifo -> ../../bin/busybox
  /tmp/aesd-autograder/rootfs//usr/bin/mkpasswd -> ../../bin/busybox
  /tmp/aesd-autograder/rootfs//usr/bin/nc -> ../../bin/busybox
  /tmp/aesd-autograder/rootfs//usr/bin/nl -> ../../bin/busybox
  /tmp/aesd-autograder/rootfs//usr/bin/nmeter -> ../../bin/busybox
  /tmp/aesd-autograder/rootfs//usr/bin/nohup -> ../../bin/busybox
  /tmp/aesd-autograder/rootfs//usr/bin/nproc -> ../../bin/busybox
  /tmp/aesd-autograder/rootfs//usr/bin/nsenter -> ../../bin/busybox
  /tmp/aesd-autograder/rootfs//usr/bin/nslookup -> ../../bin/busybox
  /tmp/aesd-autograder/rootfs//usr/bin/od -> ../../bin/busybox
  /tmp/aesd-autograder/rootfs//usr/bin/openvt -> ../../bin/busybox
  /tmp/aesd-autograder/rootfs//usr/bin/passwd -> ../../bin/busybox
  /tmp/aesd-autograder/rootfs//usr/bin/paste -> ../../bin/busybox
  /tmp/aesd-autograder/rootfs//usr/bin/patch -> ../../bin/busybox
  /tmp/aesd-autograder/rootfs//usr/bin/pgrep -> ../../bin/busybox
  /tmp/aesd-autograder/rootfs//usr/bin/pkill -> ../../bin/busybox
  /tmp/aesd-autograder/rootfs//usr/bin/pmap -> ../../bin/busybox
  /tmp/aesd-autograder/rootfs//usr/bin/printf -> ../../bin/busybox
  /tmp/aesd-autograder/rootfs//usr/bin/pscan -> ../../bin/busybox
  /tmp/aesd-autograder/rootfs//usr/bin/pstree -> ../../bin/busybox
  /tmp/aesd-autograder/rootfs//usr/bin/pwdx -> ../../bin/busybox
  /tmp/aesd-autograder/rootfs//usr/bin/readlink -> ../../bin/busybox
  /tmp/aesd-autograder/rootfs//usr/bin/realpath -> ../../bin/busybox
  /tmp/aesd-autograder/rootfs//usr/bin/renice -> ../../bin/busybox
  /tmp/aesd-autograder/rootfs//usr/bin/reset -> ../../bin/busybox
  /tmp/aesd-autograder/rootfs//usr/bin/resize -> ../../bin/busybox
  /tmp/aesd-autograder/rootfs//usr/bin/rpm2cpio -> ../../bin/busybox
  /tmp/aesd-autograder/rootfs//usr/bin/runsv -> ../../bin/busybox
  /tmp/aesd-autograder/rootfs//usr/bin/runsvdir -> ../../bin/busybox
  /tmp/aesd-autograder/rootfs//usr/bin/rx -> ../../bin/busybox
  /tmp/aesd-autograder/rootfs//usr/bin/script -> ../../bin/busybox
  /tmp/aesd-autograder/rootfs//usr/bin/seq -> ../../bin/busybox
  /tmp/aesd-autograder/rootfs//usr/bin/setfattr -> ../../bin/busybox
  /tmp/aesd-autograder/rootfs//usr/bin/setkeycodes -> ../../bin/busybox
  /tmp/aesd-autograder/rootfs//usr/bin/setsid -> ../../bin/busybox
  /tmp/aesd-autograder/rootfs//usr/bin/setuidgid -> ../../bin/busybox
  /tmp/aesd-autograder/rootfs//usr/bin/sha1sum -> ../../bin/busybox
  /tmp/aesd-autograder/rootfs//usr/bin/sha256sum -> ../../bin/busybox
  /tmp/aesd-autograder/rootfs//usr/bin/sha3sum -> ../../bin/busybox
  /tmp/aesd-autograder/rootfs//usr/bin/sha512sum -> ../../bin/busybox
  /tmp/aesd-autograder/rootfs//usr/bin/showkey -> ../../bin/busybox
  /tmp/aesd-autograder/rootfs//usr/bin/shred -> ../../bin/busybox
  /tmp/aesd-autograder/rootfs//usr/bin/shuf -> ../../bin/busybox
  /tmp/aesd-autograder/rootfs//usr/bin/smemcap -> ../../bin/busybox
  /tmp/aesd-autograder/rootfs//usr/bin/softlimit -> ../../bin/busybox
  /tmp/aesd-autograder/rootfs//usr/bin/sort -> ../../bin/busybox
  /tmp/aesd-autograder/rootfs//usr/bin/split -> ../../bin/busybox
  /tmp/aesd-autograder/rootfs//usr/bin/ssl_client -> ../../bin/busybox
  /tmp/aesd-autograder/rootfs//usr/bin/strings -> ../../bin/busybox
  /tmp/aesd-autograder/rootfs//usr/bin/sum -> ../../bin/busybox
  /tmp/aesd-autograder/rootfs//usr/bin/sv -> ../../bin/busybox
  /tmp/aesd-autograder/rootfs//usr/bin/svc -> ../../bin/busybox
  /tmp/aesd-autograder/rootfs//usr/bin/svok -> ../../bin/busybox
  /tmp/aesd-autograder/rootfs//usr/bin/tac -> ../../bin/busybox
  /tmp/aesd-autograder/rootfs//usr/bin/tail -> ../../bin/busybox
  /tmp/aesd-autograder/rootfs//usr/bin/taskset -> ../../bin/busybox
  /tmp/aesd-autograder/rootfs//usr/bin/tcpsvd -> ../../bin/busybox
  /tmp/aesd-autograder/rootfs//usr/bin/tee -> ../../bin/busybox
  /tmp/aesd-autograder/rootfs//usr/bin/telnet -> ../../bin/busybox
  /tmp/aesd-autograder/rootfs//usr/bin/test -> ../../bin/busybox
  /tmp/aesd-autograder/rootfs//usr/bin/tftp -> ../../bin/busybox
  /tmp/aesd-autograder/rootfs//usr/bin/time -> ../../bin/busybox
  /tmp/aesd-autograder/rootfs//usr/bin/timeout -> ../../bin/busybox
  /tmp/aesd-autograder/rootfs//usr/bin/top -> ../../bin/busybox
  /tmp/aesd-autograder/rootfs//usr/bin/tr -> ../../bin/busybox
  /tmp/aesd-autograder/rootfs//usr/bin/traceroute -> ../../bin/busybox
  /tmp/aesd-autograder/rootfs//usr/bin/traceroute6 -> ../../bin/busybox
  /tmp/aesd-autograder/rootfs//usr/bin/truncate -> ../../bin/busybox
  /tmp/aesd-autograder/rootfs//usr/bin/ts -> ../../bin/busybox
  /tmp/aesd-autograder/rootfs//usr/bin/tty -> ../../bin/busybox
  /tmp/aesd-autograder/rootfs//usr/bin/ttysize -> ../../bin/busybox
  /tmp/aesd-autograder/rootfs//usr/bin/udhcpc6 -> ../../bin/busybox
  /tmp/aesd-autograder/rootfs//usr/bin/udpsvd -> ../../bin/busybox
  /tmp/aesd-autograder/rootfs//usr/bin/unexpand -> ../../bin/busybox
  /tmp/aesd-autograder/rootfs//usr/bin/uniq -> ../../bin/busybox
  /tmp/aesd-autograder/rootfs//usr/bin/unix2dos -> ../../bin/busybox
  /tmp/aesd-autograder/rootfs//usr/bin/unlink -> ../../bin/busybox
  /tmp/aesd-autograder/rootfs//usr/bin/unlzma -> ../../bin/busybox
  /tmp/aesd-autograder/rootfs//usr/bin/unshare -> ../../bin/busybox
  /tmp/aesd-autograder/rootfs//usr/bin/unxz -> ../../bin/busybox
  /tmp/aesd-autograder/rootfs//usr/bin/unzip -> ../../bin/busybox
  /tmp/aesd-autograder/rootfs//usr/bin/uptime -> ../../bin/busybox
  /tmp/aesd-autograder/rootfs//usr/bin/users -> ../../bin/busybox
  /tmp/aesd-autograder/rootfs//usr/bin/uudecode -> ../../bin/busybox
  /tmp/aesd-autograder/rootfs//usr/bin/uuencode -> ../../bin/busybox
  /tmp/aesd-autograder/rootfs//usr/bin/vlock -> ../../bin/busybox
  /tmp/aesd-autograder/rootfs//usr/bin/volname -> ../../bin/busybox
  /tmp/aesd-autograder/rootfs//usr/bin/w -> ../../bin/busybox
  /tmp/aesd-autograder/rootfs//usr/bin/wall -> ../../bin/busybox
  /tmp/aesd-autograder/rootfs//usr/bin/wc -> ../../bin/busybox
  /tmp/aesd-autograder/rootfs//usr/bin/wget -> ../../bin/busybox
  /tmp/aesd-autograder/rootfs//usr/bin/which -> ../../bin/busybox
  /tmp/aesd-autograder/rootfs//usr/bin/who -> ../../bin/busybox
  /tmp/aesd-autograder/rootfs//usr/bin/whoami -> ../../bin/busybox
  /tmp/aesd-autograder/rootfs//usr/bin/whois -> ../../bin/busybox
  /tmp/aesd-autograder/rootfs//usr/bin/xargs -> ../../bin/busybox
  /tmp/aesd-autograder/rootfs//usr/bin/xxd -> ../../bin/busybox
  /tmp/aesd-autograder/rootfs//usr/bin/xz -> ../../bin/busybox
  /tmp/aesd-autograder/rootfs//usr/bin/xzcat -> ../../bin/busybox
  /tmp/aesd-autograder/rootfs//usr/bin/yes -> ../../bin/busybox
  /tmp/aesd-autograder/rootfs//usr/sbin/add-shell -> ../../bin/busybox
  /tmp/aesd-autograder/rootfs//usr/sbin/addgroup -> ../../bin/busybox
  /tmp/aesd-autograder/rootfs//usr/sbin/adduser -> ../../bin/busybox
  /tmp/aesd-autograder/rootfs//usr/sbin/arping -> ../../bin/busybox
  /tmp/aesd-autograder/rootfs//usr/sbin/brctl -> ../../bin/busybox
  /tmp/aesd-autograder/rootfs//usr/sbin/chat -> ../../bin/busybox
  /tmp/aesd-autograder/rootfs//usr/sbin/chpasswd -> ../../bin/busybox
  /tmp/aesd-autograder/rootfs//usr/sbin/chroot -> ../../bin/busybox
  /tmp/aesd-autograder/rootfs//usr/sbin/crond -> ../../bin/busybox
  /tmp/aesd-autograder/rootfs//usr/sbin/delgroup -> ../../bin/busybox
  /tmp/aesd-autograder/rootfs//usr/sbin/deluser -> ../../bin/busybox
  /tmp/aesd-autograder/rootfs//usr/sbin/dhcprelay -> ../../bin/busybox
  /tmp/aesd-autograder/rootfs//usr/sbin/dnsd -> ../../bin/busybox
  /tmp/aesd-autograder/rootfs//usr/sbin/ether-wake -> ../../bin/busybox
  /tmp/aesd-autograder/rootfs//usr/sbin/fakeidentd -> ../../bin/busybox
  /tmp/aesd-autograder/rootfs//usr/sbin/fbset -> ../../bin/busybox
  /tmp/aesd-autograder/rootfs//usr/sbin/fdformat -> ../../bin/busybox
  /tmp/aesd-autograder/rootfs//usr/sbin/fsfreeze -> ../../bin/busybox
  /tmp/aesd-autograder/rootfs//usr/sbin/ftpd -> ../../bin/busybox
  /tmp/aesd-autograder/rootfs//usr/sbin/httpd -> ../../bin/busybox
  /tmp/aesd-autograder/rootfs//usr/sbin/i2cdetect -> ../../bin/busybox
  /tmp/aesd-autograder/rootfs//usr/sbin/i2cdump -> ../../bin/busybox
  /tmp/aesd-autograder/rootfs//usr/sbin/i2cget -> ../../bin/busybox
  /tmp/aesd-autograder/rootfs//usr/sbin/i2cset -> ../../bin/busybox
  /tmp/aesd-autograder/rootfs//usr/sbin/i2ctransfer -> ../../bin/busybox
  /tmp/aesd-autograder/rootfs//usr/sbin/ifplugd -> ../../bin/busybox
  /tmp/aesd-autograder/rootfs//usr/sbin/inetd -> ../../bin/busybox
  /tmp/aesd-autograder/rootfs//usr/sbin/killall5 -> ../../bin/busybox
  /tmp/aesd-autograder/rootfs//usr/sbin/loadfont -> ../../bin/busybox
  /tmp/aesd-autograder/rootfs//usr/sbin/lpd -> ../../bin/busybox
  /tmp/aesd-autograder/rootfs//usr/sbin/mim -> ../../bin/busybox
  /tmp/aesd-autograder/rootfs//usr/sbin/nanddump -> ../../bin/busybox
  /tmp/aesd-autograder/rootfs//usr/sbin/nandwrite -> ../../bin/busybox
  /tmp/aesd-autograder/rootfs//usr/sbin/nbd-client -> ../../bin/busybox
  /tmp/aesd-autograder/rootfs//usr/sbin/nologin -> ../../bin/busybox
  /tmp/aesd-autograder/rootfs//usr/sbin/ntpd -> ../../bin/busybox
  /tmp/aesd-autograder/rootfs//usr/sbin/partprobe -> ../../bin/busybox
  /tmp/aesd-autograder/rootfs//usr/sbin/popmaildir -> ../../bin/busybox
  /tmp/aesd-autograder/rootfs//usr/sbin/powertop -> ../../bin/busybox
  /tmp/aesd-autograder/rootfs//usr/sbin/rdate -> ../../bin/busybox
  /tmp/aesd-autograder/rootfs//usr/sbin/rdev -> ../../bin/busybox
  /tmp/aesd-autograder/rootfs//usr/sbin/readahead -> ../../bin/busybox
  /tmp/aesd-autograder/rootfs//usr/sbin/readprofile -> ../../bin/busybox
  /tmp/aesd-autograder/rootfs//usr/sbin/remove-shell -> ../../bin/busybox
  /tmp/aesd-autograder/rootfs//usr/sbin/rtcwake -> ../../bin/busybox
  /tmp/aesd-autograder/rootfs//usr/sbin/sendmail -> ../../bin/busybox
  /tmp/aesd-autograder/rootfs//usr/sbin/setfont -> ../../bin/busybox
  /tmp/aesd-autograder/rootfs//usr/sbin/setlogcons -> ../../bin/busybox
  /tmp/aesd-autograder/rootfs//usr/sbin/svlogd -> ../../bin/busybox
  /tmp/aesd-autograder/rootfs//usr/sbin/telnetd -> ../../bin/busybox
  /tmp/aesd-autograder/rootfs//usr/sbin/tftpd -> ../../bin/busybox
  /tmp/aesd-autograder/rootfs//usr/sbin/ubiattach -> ../../bin/busybox
  /tmp/aesd-autograder/rootfs//usr/sbin/ubidetach -> ../../bin/busybox
  /tmp/aesd-autograder/rootfs//usr/sbin/ubimkvol -> ../../bin/busybox
  /tmp/aesd-autograder/rootfs//usr/sbin/ubirename -> ../../bin/busybox
  /tmp/aesd-autograder/rootfs//usr/sbin/ubirmvol -> ../../bin/busybox
  /tmp/aesd-autograder/rootfs//usr/sbin/ubirsvol -> ../../bin/busybox
  /tmp/aesd-autograder/rootfs//usr/sbin/ubiupdatevol -> ../../bin/busybox
  /tmp/aesd-autograder/rootfs//usr/sbin/udhcpd -> ../../bin/busybox


--------------------------------------------------
You will probably need to make your busybox binary
setuid root to ensure all configured applets will
work properly.
--------------------------------------------------

Library dependencies
      [Requesting program interpreter: /lib/ld-linux-aarch64.so.1]
 0x0000000000000001 (NEEDED)             Shared library: [libm.so.6]
 0x0000000000000001 (NEEDED)             Shared library: [libresolv.so.2]
 0x0000000000000001 (NEEDED)             Shared library: [libc.so.6]
rm -f writer         *.o
aarch64-none-linux-gnu-gcc     -Wall -Wextra -std=c99 -o writer         writer.c      
.
./home
./home/finder-test.sh
./home/writer
./home/autorun-qemu.sh
./home/conf
./home/conf/assignment.txt
./home/conf/username.txt
./home/finder.sh
./sbin
./sbin/mkfs.minix
./sbin/bootchartd
./sbin/ipneigh
./sbin/modinfo
./sbin/fsck
./sbin/sulogin
./sbin/fbsplash
./sbin/fstrim
./sbin/rmmod
./sbin/ip
./sbin/vconfig
./sbin/iptunnel
./sbin/getty
./sbin/swapoff
./sbin/lsmod
./sbin/raidautorun
./sbin/blkid
./sbin/mdev
./sbin/mkfs.vfat
./sbin/mkdosfs
./sbin/ifconfig
./sbin/hwclock
./sbin/init
./sbin/iplink
./sbin/poweroff
./sbin/start-stop-daemon
./sbin/sysctl
./sbin/fsck.minix
./sbin/devmem
./sbin/blockdev
./sbin/acpid
./sbin/route
./sbin/ifdown
./sbin/findfs
./sbin/run-init
./sbin/mkswap
./sbin/klogd
./sbin/modprobe
./sbin/switch_root
./sbin/tc
./sbin/ipaddr
./sbin/mke2fs
./sbin/pivot_root
./sbin/ifup
./sbin/mkfs.ext2
./sbin/adjtimex
./sbin/fdisk
./sbin/udhcpc
./sbin/setconsole
./sbin/runlevel
./sbin/depmod
./sbin/iproute
./sbin/ifenslave
./sbin/loadkmap
./sbin/syslogd
./sbin/zcip
./sbin/arp
./sbin/swapon
./sbin/makedevs
./sbin/slattach
./sbin/losetup
./sbin/hdparm
./sbin/iprule
./sbin/tunctl
./sbin/insmod
./sbin/reboot
./sbin/uevent
./sbin/logread
./sbin/nameif
./sbin/watchdog
./sbin/halt
./sbin/freeramdisk
./var
./var/log
./linuxrc
./dev
./dev/null
./dev/console
./etc
./lib
./lib/ld-linux-aarch64.so.1
./usr
./usr/sbin
./usr/sbin/chat
./usr/sbin/rdev
./usr/sbin/i2cdetect
./usr/sbin/ubidetach
./usr/sbin/crond
./usr/sbin/i2cdump
./usr/sbin/chpasswd
./usr/sbin/nbd-client
./usr/sbin/powertop
./usr/sbin/rdate
./usr/sbin/readahead
./usr/sbin/ftpd
./usr/sbin/delgroup
./usr/sbin/setfont
./usr/sbin/ifplugd
./usr/sbin/nandwrite
./usr/sbin/fbset
./usr/sbin/inetd
./usr/sbin/add-shell
./usr/sbin/setlogcons
./usr/sbin/deluser
./usr/sbin/killall5
./usr/sbin/adduser
./usr/sbin/tftpd
./usr/sbin/ubirsvol
./usr/sbin/dnsd
./usr/sbin/httpd
./usr/sbin/i2ctransfer
./usr/sbin/readprofile
./usr/sbin/ubiupdatevol
./usr/sbin/loadfont
./usr/sbin/svlogd
./usr/sbin/udhcpd
./usr/sbin/fakeidentd
./usr/sbin/ubirmvol
./usr/sbin/partprobe
./usr/sbin/nologin
./usr/sbin/lpd
./usr/sbin/mim
./usr/sbin/i2cset
./usr/sbin/ubimkvol
./usr/sbin/ubiattach
./usr/sbin/rtcwake
./usr/sbin/chroot
./usr/sbin/ether-wake
./usr/sbin/nanddump
./usr/sbin/addgroup
./usr/sbin/popmaildir
./usr/sbin/fdformat
./usr/sbin/arping
./usr/sbin/brctl
./usr/sbin/dhcprelay
./usr/sbin/ntpd
./usr/sbin/sendmail
./usr/sbin/i2cget
./usr/sbin/fsfreeze
./usr/sbin/telnetd
./usr/sbin/remove-shell
./usr/sbin/ubirename
./usr/lib
./usr/bin
./usr/bin/envdir
./usr/bin/ts
./usr/bin/openvt
./usr/bin/md5sum
./usr/bin/sha512sum
./usr/bin/unlzma
./usr/bin/du
./usr/bin/head
./usr/bin/setkeycodes
./usr/bin/microcom
./usr/bin/lspci
./usr/bin/install
./usr/bin/nohup
./usr/bin/lpq
./usr/bin/ipcs
./usr/bin/split
./usr/bin/killall
./usr/bin/xz
./usr/bin/who
./usr/bin/nl
./usr/bin/hostid
./usr/bin/last
./usr/bin/tty
./usr/bin/dirname
./usr/bin/realpath
./usr/bin/w
./usr/bin/which
./usr/bin/lzcat
./usr/bin/strings
./usr/bin/truncate
./usr/bin/seq
./usr/bin/mkpasswd
./usr/bin/envuidgid
./usr/bin/reset
./usr/bin/whoami
./usr/bin/pmap
./usr/bin/chvt
./usr/bin/cmp
./usr/bin/bzip2
./usr/bin/traceroute6
./usr/bin/rx
./usr/bin/ftpput
./usr/bin/[
./usr/bin/unix2dos
./usr/bin/nc
./usr/bin/sha1sum
./usr/bin/runsv
./usr/bin/pscan
./usr/bin/tee
./usr/bin/traceroute
./usr/bin/smemcap
./usr/bin/hd
./usr/bin/free
./usr/bin/setfattr
./usr/bin/users
./usr/bin/ssl_client
./usr/bin/unzip
./usr/bin/wall
./usr/bin/deallocvt
./usr/bin/pwdx
./usr/bin/volname
./usr/bin/sum
./usr/bin/cksum
./usr/bin/clear
./usr/bin/dc
./usr/bin/pkill
./usr/bin/mkfifo
./usr/bin/factor
./usr/bin/time
./usr/bin/uuencode
./usr/bin/telnet
./usr/bin/comm
./usr/bin/[[
./usr/bin/unlink
./usr/bin/logname
./usr/bin/dpkg-deb
./usr/bin/lpr
./usr/bin/lsusb
./usr/bin/eject
./usr/bin/yes
./usr/bin/svok
./usr/bin/fuser
./usr/bin/dpkg
./usr/bin/find
./usr/bin/taskset
./usr/bin/svc
./usr/bin/renice
./usr/bin/chrt
./usr/bin/groups
./usr/bin/logger
./usr/bin/xargs
./usr/bin/id
./usr/bin/paste
./usr/bin/dumpleases
./usr/bin/chpst
./usr/bin/tr
./usr/bin/unxz
./usr/bin/ttysize
./usr/bin/ftpget
./usr/bin/cryptpw
./usr/bin/sv
./usr/bin/showkey
./usr/bin/blkdiscard
./usr/bin/nslookup
./usr/bin/awk
./usr/bin/cut
./usr/bin/uudecode
./usr/bin/man
./usr/bin/uptime
./usr/bin/fgconsole
./usr/bin/softlimit
./usr/bin/env
./usr/bin/flock
./usr/bin/nmeter
./usr/bin/sha256sum
./usr/bin/fold
./usr/bin/setuidgid
./usr/bin/hexdump
./usr/bin/wget
./usr/bin/script
./usr/bin/whois
./usr/bin/vlock
./usr/bin/beep
./usr/bin/diff
./usr/bin/shuf
./usr/bin/nsenter
./usr/bin/bc
./usr/bin/ipcrm
./usr/bin/lsof
./usr/bin/runsvdir
./usr/bin/printf
./usr/bin/lzma
./usr/bin/mesg
./usr/bin/lsscsi
./usr/bin/timeout
./usr/bin/tac
./usr/bin/xxd
./usr/bin/sort
./usr/bin/less
./usr/bin/pgrep
./usr/bin/shred
./usr/bin/udpsvd
./usr/bin/dos2unix
./usr/bin/rpm2cpio
./usr/bin/crontab
./usr/bin/top
./usr/bin/unexpand
./usr/bin/hexedit
./usr/bin/basename
./usr/bin/tftp
./usr/bin/tail
./usr/bin/cal
./usr/bin/tcpsvd
./usr/bin/sha3sum
./usr/bin/wc
./usr/bin/patch
./usr/bin/resize
./usr/bin/setsid
./usr/bin/uniq
./usr/bin/udhcpc6
./usr/bin/test
./usr/bin/bzcat
./usr/bin/expand
./usr/bin/readlink
./usr/bin/bunzip2
./usr/bin/expr
./usr/bin/od
./usr/bin/pstree
./usr/bin/xzcat
./usr/bin/passwd
./usr/bin/unshare
./usr/bin/fallocate
./usr/bin/nproc
./sys
./bin
./bin/kill
./bin/ed
./bin/grep
./bin/lsattr
./bin/cat
./bin/resume
./bin/fatattr
./bin/mount
./bin/uname
./bin/stty
./bin/rev
./bin/stat
./bin/base32
./bin/ln
./bin/login
./bin/nice
./bin/chattr
./bin/false
./bin/cttyhack
./bin/rm
./bin/usleep
./bin/gunzip
./bin/touch
./bin/chown
./bin/run-parts
./bin/setserial
./bin/df
./bin/base64
./bin/dd
./bin/rmdir
./bin/pipe_progress
./bin/chmod
./bin/makemime
./bin/pidof
./bin/mktemp
./bin/vi
./bin/setarch
./bin/umount
./bin/netstat
./bin/dumpkmap
./bin/arch
./bin/linux32
./bin/hostname
./bin/hush
./bin/mountpoint
./bin/mt
./bin/fdflush
./bin/kbd_mode
./bin/pwd
./bin/ash
./bin/dmesg
./bin/lzop
./bin/iostat
./bin/getopt
./bin/sed
./bin/scriptreplay
./bin/fgrep
./bin/more
./bin/chgrp
./bin/cp
./bin/gzip
./bin/mv
./bin/mpstat
./bin/ping6
./bin/printenv
./bin/sh
./bin/link
./bin/ps
./bin/nuke
./bin/setpriv
./bin/cpio
./bin/rpm
./bin/mknod
./bin/egrep
./bin/echo
./bin/sleep
./bin/sync
./bin/linux64
./bin/mkdir
./bin/conspy
./bin/ping
./bin/zcat
./bin/fsync
./bin/su
./bin/watch
./bin/tar
./bin/reformime
./bin/ionice
./bin/ls
./bin/true
./bin/dnsdomainname
./bin/ipcalc
./bin/date
./bin/busybox
./proc
./tmp
./lib64
./lib64/libresolv.so.2
./lib64/libc.so.6
./lib64/libm.so.6
30119 blocks
~/linux_training/03_coursera_linuxSystemProgram_buildRoot/assignment-1-Karrick3910/assignment-autotest/test/assignment3 ~/linux_training/03_coursera_linuxSystemProgram_buildRoot/assignment-1-Karrick3910
~/linux_training/03_coursera_linuxSystemProgram_buildRoot/assignment-1-Karrick3910/finder-app ~/linux_training/03_coursera_linuxSystemProgram_buildRoot/assignment-1-Karrick3910/assignment-autotest/test/assignment3 ~/linux_training/03_coursera_linuxSystemProgram_buildRoot/assignment-1-Karrick3910
Kick off qemu in the background
Wait for app to finish
Booting the kernel
[    0.000000] Booting Linux on physical CPU 0x0000000000 [0x410fd034]
[    0.000000] Linux version 5.15.163 (quy@quy-GP62M-7REX) (aarch64-none-linux-gnu-gcc (Arm GNU Toolchain 13.3.Rel1 (Build arm-13.24)) 13.3.1 20240614, GNU ld (Arm GNU Toolchain 13.3.Rel1 (Build arm-13.24)) 2.42.0.20240614) #1 SMP PREEMPT Tue Nov 25 12:06:11 +07 2025
[    0.000000] random: crng init done
[    0.000000] Machine model: linux,dummy-virt
[    0.000000] efi: UEFI not found.
[    0.000000] NUMA: No NUMA configuration found
[    0.000000] NUMA: Faking a node at [mem 0x0000000040000000-0x000000004fffffff]
[    0.000000] NUMA: NODE_DATA [mem 0x4ff73c00-0x4ff75fff]
[    0.000000] Zone ranges:
[    0.000000]   DMA      [mem 0x0000000040000000-0x000000004fffffff]
[    0.000000]   DMA32    empty
[    0.000000]   Normal   empty
[    0.000000] Movable zone start for each node
[    0.000000] Early memory node ranges
[    0.000000]   node   0: [mem 0x0000000040000000-0x000000004fffffff]
[    0.000000] Initmem setup node 0 [mem 0x0000000040000000-0x000000004fffffff]
[    0.000000] cma: Reserved 32 MiB at 0x000000004d800000
[    0.000000] psci: probing for conduit method from DT.
[    0.000000] psci: PSCIv1.1 detected in firmware.
[    0.000000] psci: Using standard PSCI v0.2 function IDs
[    0.000000] psci: Trusted OS migration not required
[    0.000000] psci: SMC Calling Convention v1.0
[    0.000000] percpu: Embedded 20 pages/cpu s41560 r8192 d32168 u81920
[    0.000000] Detected VIPT I-cache on CPU0
[    0.000000] CPU features: kernel page table isolation forced ON by KASLR
[    0.000000] CPU features: detected: Kernel page table isolation (KPTI)
[    0.000000] CPU features: detected: ARM erratum 843419
[    0.000000] CPU features: detected: ARM erratum 845719
[    0.000000] Built 1 zonelists, mobility grouping on.  Total pages: 64512
[    0.000000] Policy zone: DMA
[    0.000000] Kernel command line: rdinit=/home/autorun-qemu.sh console=ttyAMA0
[    0.000000] Dentry cache hash table entries: 32768 (order: 6, 262144 bytes, linear)
[    0.000000] Inode-cache hash table entries: 16384 (order: 5, 131072 bytes, linear)
[    0.000000] mem auto-init: stack:all(zero), heap alloc:off, heap free:off
[    0.000000] Memory: 183832K/262144K available (15232K kernel code, 3090K rwdata, 8284K rodata, 6208K init, 497K bss, 45544K reserved, 32768K cma-reserved)
[    0.000000] SLUB: HWalign=64, Order=0-3, MinObjects=0, CPUs=1, Nodes=1
[    0.000000] rcu: Preemptible hierarchical RCU implementation.
[    0.000000] rcu: 	RCU event tracing is enabled.
[    0.000000] rcu: 	RCU restricting CPUs from NR_CPUS=256 to nr_cpu_ids=1.
[    0.000000] 	Trampoline variant of Tasks RCU enabled.
[    0.000000] rcu: RCU calculated value of scheduler-enlistment delay is 25 jiffies.
[    0.000000] rcu: Adjusting geometry for rcu_fanout_leaf=16, nr_cpu_ids=1
[    0.000000] NR_IRQS: 64, nr_irqs: 64, preallocated irqs: 0
[    0.000000] Root IRQ handler: gic_handle_irq
[    0.000000] GICv2m: range[mem 0x08020000-0x08020fff], SPI[80:143]
[    0.000000] arch_timer: cp15 timer(s) running at 62.50MHz (virt).
[    0.000000] clocksource: arch_sys_counter: mask: 0xffffffffffffff max_cycles: 0x1cd42e208c, max_idle_ns: 881590405314 ns
[    0.000143] sched_clock: 56 bits at 62MHz, resolution 16ns, wraps every 4398046511096ns
[    0.010756] Console: colour dummy device 80x25
[    0.013706] Calibrating delay loop (skipped), value calculated using timer frequency.. 125.00 BogoMIPS (lpj=250000)
[    0.013886] pid_max: default: 32768 minimum: 301
[    0.014810] LSM: Security Framework initializing
[    0.018916] Mount-cache hash table entries: 512 (order: 0, 4096 bytes, linear)
[    0.018986] Mountpoint-cache hash table entries: 512 (order: 0, 4096 bytes, linear)
[    0.056209] /cpus/cpu-map: empty cluster
[    0.070744] rcu: Hierarchical SRCU implementation.
[    0.077018] EFI services will not be available.
[    0.077971] smp: Bringing up secondary CPUs ...
[    0.078136] smp: Brought up 1 node, 1 CPU
[    0.078190] SMP: Total of 1 processors activated.
[    0.078267] CPU features: detected: 32-bit EL0 Support
[    0.078298] CPU features: detected: 32-bit EL1 Support
[    0.078377] CPU features: detected: CRC32 instructions
[    0.109166] CPU: All CPU(s) started at EL1
[    0.109960] alternatives: patching kernel code
[    0.129044] devtmpfs: initialized
[    0.142676] KASLR enabled
[    0.143994] clocksource: jiffies: mask: 0xffffffff max_cycles: 0xffffffff, max_idle_ns: 7645041785100000 ns
[    0.144275] futex hash table entries: 256 (order: 2, 16384 bytes, linear)
[    0.152344] pinctrl core: initialized pinctrl subsystem
[    0.168501] DMI not present or invalid.
[    0.179739] NET: Registered PF_NETLINK/PF_ROUTE protocol family
[    0.195060] DMA: preallocated 128 KiB GFP_KERNEL pool for atomic allocations
[    0.196425] DMA: preallocated 128 KiB GFP_KERNEL|GFP_DMA pool for atomic allocations
[    0.196716] DMA: preallocated 128 KiB GFP_KERNEL|GFP_DMA32 pool for atomic allocations
[    0.197006] audit: initializing netlink subsys (disabled)
[    0.204552] audit: type=2000 audit(0.184:1): state=initialized audit_enabled=0 res=1
[    0.208226] thermal_sys: Registered thermal governor 'step_wise'
[    0.208291] thermal_sys: Registered thermal governor 'power_allocator'
[    0.211282] cpuidle: using governor menu
[    0.212448] hw-breakpoint: found 6 breakpoint and 4 watchpoint registers.
[    0.212949] ASID allocator initialised with 32768 entries
[    0.220782] Serial: AMBA PL011 UART driver
[    0.276954] 9000000.pl011: ttyAMA0 at MMIO 0x9000000 (irq = 47, base_baud = 0) is a PL011 rev1
[    0.327559] printk: console [ttyAMA0] enabled
[    0.407023] HugeTLB registered 1.00 GiB page size, pre-allocated 0 pages
[    0.407984] HugeTLB registered 32.0 MiB page size, pre-allocated 0 pages
[    0.409016] HugeTLB registered 2.00 MiB page size, pre-allocated 0 pages
[    0.409560] HugeTLB registered 64.0 KiB page size, pre-allocated 0 pages
[    0.437168] cryptd: max_cpu_qlen set to 1000
[    0.463834] ACPI: Interpreter disabled.
[    0.483360] iommu: Default domain type: Translated 
[    0.483932] iommu: DMA domain TLB invalidation policy: strict mode 
[    0.489027] vgaarb: loaded
[    0.492668] SCSI subsystem initialized
[    0.497636] usbcore: registered new interface driver usbfs
[    0.498687] usbcore: registered new interface driver hub
[    0.499990] usbcore: registered new device driver usb
[    0.504731] pps_core: LinuxPPS API ver. 1 registered
[    0.505251] pps_core: Software ver. 5.3.6 - Copyright 2005-2007 Rodolfo Giometti <giometti@linux.it>
[    0.506404] PTP clock support registered
[    0.507817] EDAC MC: Ver: 3.0.0
[    0.520797] FPGA manager framework
[    0.523600] Advanced Linux Sound Architecture Driver Initialized.
[    0.554531] clocksource: Switched to clocksource arch_sys_counter
[    0.557044] VFS: Disk quotas dquot_6.6.0
[    0.557855] VFS: Dquot-cache hash table entries: 512 (order 0, 4096 bytes)
[    0.568437] pnp: PnP ACPI: disabled
[    0.608378] NET: Registered PF_INET protocol family
[    0.611421] IP idents hash table entries: 4096 (order: 3, 32768 bytes, linear)
[    0.627363] tcp_listen_portaddr_hash hash table entries: 256 (order: 0, 4096 bytes, linear)
[    0.631882] Table-perturb hash table entries: 65536 (order: 6, 262144 bytes, linear)
[    0.633656] TCP established hash table entries: 2048 (order: 2, 16384 bytes, linear)
[    0.635480] TCP bind hash table entries: 2048 (order: 3, 32768 bytes, linear)
[    0.636511] TCP: Hash tables configured (established 2048 bind 2048)
[    0.639994] UDP hash table entries: 256 (order: 1, 8192 bytes, linear)
[    0.641086] UDP-Lite hash table entries: 256 (order: 1, 8192 bytes, linear)
[    0.647670] NET: Registered PF_UNIX/PF_LOCAL protocol family
[    0.653218] RPC: Registered named UNIX socket transport module.
[    0.653870] RPC: Registered udp transport module.
[    0.655276] RPC: Registered tcp transport module.
[    0.655728] RPC: Registered tcp NFSv4.1 backchannel transport module.
[    0.656720] PCI: CLS 0 bytes, default 64
[    0.670252] Unpacking initramfs...
[    0.676078] hw perfevents: enabled with armv8_pmuv3 PMU driver, 7 counters available
[    0.680086] kvm [1]: HYP mode not available
[    0.762047] Initialise system trusted keyrings
[    0.774966] workingset: timestamp_bits=42 max_order=16 bucket_order=0
[    0.843787] squashfs: version 4.0 (2009/01/31) Phillip Lougher
[    0.857449] NFS: Registering the id_resolver key type
[    0.863437] Key type id_resolver registered
[    0.864712] Key type id_legacy registered
[    0.871870] nfs4filelayout_init: NFSv4 File Layout Driver Registering...
[    0.872816] nfs4flexfilelayout_init: NFSv4 Flexfile Layout Driver Registering...
[    0.881165] 9p: Installing v9fs 9p2000 file system support
[    1.059659] Key type asymmetric registered
[    1.060335] Asymmetric key parser 'x509' registered
[    1.061503] Block layer SCSI generic (bsg) driver version 0.4 loaded (major 245)
[    1.066825] io scheduler mq-deadline registered
[    1.067417] io scheduler kyber registered
[    1.156770] pl061_gpio 9030000.pl061: PL061 GPIO chip registered
[    1.186747] pci-host-generic 4010000000.pcie: host bridge /pcie@10000000 ranges:
[    1.189064] pci-host-generic 4010000000.pcie:       IO 0x003eff0000..0x003effffff -> 0x0000000000
[    1.195384] pci-host-generic 4010000000.pcie:      MEM 0x0010000000..0x003efeffff -> 0x0010000000
[    1.196324] pci-host-generic 4010000000.pcie:      MEM 0x8000000000..0xffffffffff -> 0x8000000000
[    1.203347] pci-host-generic 4010000000.pcie: Memory resource size exceeds max for 32 bits
[    1.205934] pci-host-generic 4010000000.pcie: ECAM at [mem 0x4010000000-0x401fffffff] for [bus 00-ff]
[    1.221561] pci-host-generic 4010000000.pcie: PCI host bridge to bus 0000:00
[    1.230942] pci_bus 0000:00: root bus resource [bus 00-ff]
[    1.232994] pci_bus 0000:00: root bus resource [io  0x0000-0xffff]
[    1.234000] pci_bus 0000:00: root bus resource [mem 0x10000000-0x3efeffff]
[    1.235362] pci_bus 0000:00: root bus resource [mem 0x8000000000-0xffffffffff]
[    1.246223] pci 0000:00:00.0: [1b36:0008] type 00 class 0x060000
[    1.269434] pci 0000:00:01.0: [1af4:1000] type 00 class 0x020000
[    1.271272] pci 0000:00:01.0: reg 0x10: [io  0x0000-0x001f]
[    1.273430] pci 0000:00:01.0: reg 0x14: [mem 0x00000000-0x00000fff]
[    1.274127] pci 0000:00:01.0: reg 0x20: [mem 0x00000000-0x00003fff 64bit pref]
[    1.279238] pci 0000:00:01.0: reg 0x30: [mem 0x00000000-0x0007ffff pref]
[    1.296792] pci 0000:00:01.0: BAR 6: assigned [mem 0x10000000-0x1007ffff pref]
[    1.307429] pci 0000:00:01.0: BAR 4: assigned [mem 0x8000000000-0x8000003fff 64bit pref]
[    1.308694] pci 0000:00:01.0: BAR 1: assigned [mem 0x10080000-0x10080fff]
[    1.309308] pci 0000:00:01.0: BAR 0: assigned [io  0x1000-0x101f]
[    1.344797] EINJ: ACPI disabled.
[    1.464305] virtio-pci 0000:00:01.0: enabling device (0000 -> 0003)
[    1.522027] Serial: 8250/16550 driver, 4 ports, IRQ sharing enabled
[    1.549464] SuperH (H)SCI(F) driver initialized
[    1.557034] msm_serial: driver initialized
[    1.576849] cacheinfo: Unable to detect cache hierarchy for CPU 0
[    1.668301] loop: module loaded
[    1.691404] megasas: 07.717.02.00-rc1
[    1.708205] physmap-flash 0.flash: physmap platform flash device: [mem 0x00000000-0x03ffffff]
[    1.721714] 0.flash: Found 2 x16 devices at 0x0 in 32-bit bank. Manufacturer ID 0x000000 Chip ID 0x000000
[    1.732516] Intel/Sharp Extended Query Table at 0x0031
[    1.736699] Using buffer write method
[    1.744550] physmap-flash 0.flash: physmap platform flash device: [mem 0x04000000-0x07ffffff]
[    1.746935] 0.flash: Found 2 x16 devices at 0x0 in 32-bit bank. Manufacturer ID 0x000000 Chip ID 0x000000
[    1.748104] Intel/Sharp Extended Query Table at 0x0031
[    1.759972] Using buffer write method
[    1.760757] Concatenating MTD devices:
[    1.761170] (0): "0.flash"
[    1.761450] (1): "0.flash"
[    1.761701] into device "0.flash"
[    1.845037] Freeing initrd memory: 5928K
[    2.042047] tun: Universal TUN/TAP device driver, 1.6
[    2.065041] thunder_xcv, ver 1.0
[    2.065576] thunder_bgx, ver 1.0
[    2.066137] nicpf, ver 1.0
[    2.076268] hns3: Hisilicon Ethernet Network Driver for Hip08 Family - version
[    2.078702] hns3: Copyright (c) 2017 Huawei Corporation.
[    2.080140] hclge is initializing
[    2.080833] e1000: Intel(R) PRO/1000 Network Driver
[    2.081358] e1000: Copyright (c) 1999-2006 Intel Corporation.
[    2.082226] e1000e: Intel(R) PRO/1000 Network Driver
[    2.084099] e1000e: Copyright(c) 1999 - 2015 Intel Corporation.
[    2.086575] igb: Intel(R) Gigabit Ethernet Network Driver
[    2.088087] igb: Copyright (c) 2007-2014 Intel Corporation.
[    2.089238] igbvf: Intel(R) Gigabit Virtual Function Network Driver
[    2.091525] igbvf: Copyright (c) 2009 - 2012 Intel Corporation.
[    2.093870] sky2: driver version 1.30
[    2.099436] VFIO - User Level meta-driver version: 0.3
[    2.110416] ehci_hcd: USB 2.0 'Enhanced' Host Controller (EHCI) Driver
[    2.111301] ehci-pci: EHCI PCI platform driver
[    2.112330] ehci-platform: EHCI generic platform driver
[    2.113416] ehci-orion: EHCI orion driver
[    2.114880] ehci-exynos: EHCI Exynos driver
[    2.116072] ohci_hcd: USB 1.1 'Open' Host Controller (OHCI) Driver
[    2.117120] ohci-pci: OHCI PCI platform driver
[    2.118270] ohci-platform: OHCI generic platform driver
[    2.119760] ohci-exynos: OHCI Exynos driver
[    2.123671] usbcore: registered new interface driver usb-storage
[    2.152405] rtc-pl031 9010000.pl031: registered as rtc0
[    2.154958] rtc-pl031 9010000.pl031: setting system clock to 2025-11-25T19:03:55 UTC (1764097435)
[    2.160437] i2c_dev: i2c /dev entries driver
[    2.186254] sdhci: Secure Digital Host Controller Interface driver
[    2.187045] sdhci: Copyright(c) Pierre Ossman
[    2.190711] Synopsys Designware Multimedia Card Interface Driver
[    2.197677] sdhci-pltfm: SDHCI platform and OF driver helper
[    2.207873] ledtrig-cpu: registered to indicate activity on CPUs
[    2.221383] usbcore: registered new interface driver usbhid
[    2.222069] usbhid: USB HID core driver
[    2.248377] NET: Registered PF_PACKET protocol family
[    2.253368] 9pnet: Installing 9P2000 support
[    2.255340] Key type dns_resolver registered
[    2.257655] Loading compiled-in X.509 certificates
[    2.285470] input: gpio-keys as /devices/platform/gpio-keys/input/input0
[    2.315867] clk: Disabling unused clocks
[    2.321259] ALSA device list:
[    2.322135]   No soundcards found.
[    2.336654] uart-pl011 9000000.pl011: no DMA platform data
[    2.427742] Freeing unused kernel memory: 6208K
[    2.428914] Run /home/autorun-qemu.sh as init process
Running test script
Using default value AELD_IS_FUN for string to write
Using default value 10 for number of files to write
Writing 10 files containing string AELD_IS_FUN to /tmp/aeld-data
/tmp/aeld-data created
writer[104]: Writing AELD_IS_FUN to /tmp/aeld-data/Karrick39101.txt
writer[105]: Writing AELD_IS_FUN to /tmp/aeld-data/Karrick39102.txt
writer[106]: Writing AELD_IS_FUN to /tmp/aeld-data/Karrick39103.txt
writer[107]: Writing AELD_IS_FUN to /tmp/aeld-data/Karrick39104.txt
writer[108]: Writing AELD_IS_FUN to /tmp/aeld-data/Karrick39105.txt
writer[109]: Writing AELD_IS_FUN to /tmp/aeld-data/Karrick39106.txt
writer[110]: Writing AELD_IS_FUN to /tmp/aeld-data/Karrick39107.txt
writer[111]: Writing AELD_IS_FUN to /tmp/aeld-data/Karrick39108.txt
writer[112]: Writing AELD_IS_FUN to /tmp/aeld-data/Karrick39109.txt
writer[113]: Writing AELD_IS_FUN to /tmp/aeld-data/Karrick391010.txt
./finder-test.sh: line 163: ./finder.sh: not found
Completed with failure, failed with rc=127
finder-app execution complete, dropping to terminal
~/linux_training/03_coursera_linuxSystemProgram_buildRoot/assignment-1-Karrick3910/assignment-autotest/test/assignment3 ~/linux_training/03_coursera_linuxSystemProgram_buildRoot/assignment-1-Karrick3910
qemu-system-aarch64: terminating on signal 15 from pid 2427343 (<unknown process>)
Test of assignment assignment3 complete with success
